------------------------------------------------------------
Timing Analyzer Summary
------------------------------------------------------------

Type  : Slow 1200mV 85C Model Setup 'input_vector[1]'
Slack : -25.110
TNS   : -11546.652

Type  : Slow 1200mV 85C Model Setup 'IITB_CPU:add_instance|fsm:fsm1|ps.S1'
Slack : -20.497
TNS   : -475.517

Type  : Slow 1200mV 85C Model Hold 'IITB_CPU:add_instance|fsm:fsm1|ps.S1'
Slack : 0.538
TNS   : 0.000

Type  : Slow 1200mV 85C Model Hold 'input_vector[1]'
Slack : 0.655
TNS   : 0.000

Type  : Slow 1200mV 85C Model Minimum Pulse Width 'input_vector[1]'
Slack : -3.000
TNS   : -1727.920

Type  : Slow 1200mV 85C Model Minimum Pulse Width 'IITB_CPU:add_instance|fsm:fsm1|ps.S1'
Slack : -1.287
TNS   : -93.649

Type  : Slow 1200mV 0C Model Setup 'input_vector[1]'
Slack : -24.092
TNS   : -10956.946

Type  : Slow 1200mV 0C Model Setup 'IITB_CPU:add_instance|fsm:fsm1|ps.S1'
Slack : -19.587
TNS   : -449.931

Type  : Slow 1200mV 0C Model Hold 'IITB_CPU:add_instance|fsm:fsm1|ps.S1'
Slack : 0.362
TNS   : 0.000

Type  : Slow 1200mV 0C Model Hold 'input_vector[1]'
Slack : 0.633
TNS   : 0.000

Type  : Slow 1200mV 0C Model Minimum Pulse Width 'input_vector[1]'
Slack : -3.000
TNS   : -1727.920

Type  : Slow 1200mV 0C Model Minimum Pulse Width 'IITB_CPU:add_instance|fsm:fsm1|ps.S1'
Slack : -1.390
TNS   : -89.912

Type  : Fast 1200mV 0C Model Setup 'input_vector[1]'
Slack : -8.967
TNS   : -4341.237

Type  : Fast 1200mV 0C Model Setup 'IITB_CPU:add_instance|fsm:fsm1|ps.S1'
Slack : -7.313
TNS   : -161.210

Type  : Fast 1200mV 0C Model Hold 'IITB_CPU:add_instance|fsm:fsm1|ps.S1'
Slack : 0.164
TNS   : 0.000

Type  : Fast 1200mV 0C Model Hold 'input_vector[1]'
Slack : 0.217
TNS   : 0.000

Type  : Fast 1200mV 0C Model Minimum Pulse Width 'input_vector[1]'
Slack : -3.000
TNS   : -1217.657

Type  : Fast 1200mV 0C Model Minimum Pulse Width 'IITB_CPU:add_instance|fsm:fsm1|ps.S1'
Slack : -0.190
TNS   : -7.883

------------------------------------------------------------
